//
//	pc102leftside.map	-	ALE one-hand keyboard mapping.
//
//	This file is part of ALE one-hand keyboard
//
//	This program is free software; you can redistribute it and/or modify
//	it under the terms of the GNU General Public License as published by
//	the Free Software Foundation; only version 2 of the License.
//
//	This program is distributed in the hope that it will be useful,
//	but WITHOUT ANY WARRANTY; without even the implied warranty of
//	MERCHANTABILITY or FITNESS FOR A PARTICULAR PURPOSE.  See the
//	GNU General Public License for more details.
//
//	$Id$

//-----------------------------------------------------------------------------
// Left hand: German keyboard left side ^ 1 2 3 4		
// .---,.---,.---,.---,.---,		|
// | S || U2|| U3|| U4|| U5|		|	Special:        ^
// `---'`---'`---'`---'`---'		|	Quote:		SPACE
// .-----,.---,.---,.---,.---,		|	Repeat:         Left SHIFT
// |  U1 || 7 || 8 || 9 || U6|		|	Shift:		TAB
// `-----'`---'`---'`---'`---'		|	Ctrl:		1
//          .---,.---,.---,.---,	|	Alt:		2
//          | 4 || 5 || 6 || U7|	|	GUI:		3
//          `---'`---'`---'`---'	|	MACRO:		Left ALT
// .----,     .---,.---,.---,.---,	|
// | #  |     | 1 || 2 || 3 || U8|	|	Special used as commands prefix
// `----'     `---'`---'`---'`---'	|	Quote is shift key (second set)
//              .----,.----------...	|	Repeat repeats the last key
//              |  * ||     0		|	Shift/Ctrl/Alt/GUI are just the
//              `----'`----------...	|	modifier to be used with mouse.
//-----------------------------------------------------------------------------

//	Converts input keys to internal symbols
convert:
1         	-> USR2
2         	-> USR3
3         	-> USR4
4         	-> USR5
Tab       	-> USR1
q         	-> 7
w         	-> 8
e         	-> 9
r         	-> USR6
a         	-> 4
s         	-> 5
d         	-> 6
f         	-> USR7
`         	-> SPECIAL
LeftShift 	-> #
LeftCtrl   	-> #
z         	-> 1
x         	-> 2
c         	-> 3
v         	-> USR8
LeftAlt   	-> *
Space     	-> 0
